[2026-10-05T14:46:14.536Z] Plugin initialized: 0 commands []
[2026-10-05T14:46:14.558Z] Registered /subtask command
[2026-10-05T14:47:54.852Z] message-hooks: ENTRY msgCount=10, sessions=ses_ef37d6bd6ffeqr2pRzZKjKUtO2
[2026-10-05T14:47:54.852Z] message-hooks: MESSAGES: [0]user: text:"В этом репозитории находится конфигураци..." | [1]assistant: step-start, reasoning, text:"Проверю существующие ignore-файлы и стру...", tool:completed, tool:completed, step-finish, patch | [2]assistant: step-start, reasoning, text:"`.gitignore` отсутствует, поэтому добавл...", tool:completed, step-finish, patch | [3]assistant: step-start, text:"Добавлен `.gitignore` с исключением корн...", step-finish, patch | [4]user: text:"Отлично, теперь распиши небольшой README..." | [5]assistant: step-start, reasoning, text:"Изучу `Makefile`, `k3d.yaml` и манифесты...", tool:completed, tool:completed, tool:completed, tool:completed, tool:completed, tool:completed, tool:completed, step-finish, patch | [6]assistant: step-start, reasoning, reasoning, text:"Конфигурация поднимает k3d-кластер `dev`...", tool:completed, step-finish, patch | [7]assistant: step-start, reasoning, tool:completed, tool:completed, step-finish, patch | [8]assistant: step-start, reasoning, text:"Создан `README.md` с описанием:

- требо...", step-finish, patch | [9]user: text:"Обнови проект так, чтобы локальное окруж..."
[2026-10-05T14:47:54.852Z] message-hooks: post-filter, msgCount=10
[2026-10-05T14:47:54.852Z] message-hooks: about to search for OPENCODE_GENERIC
[2026-10-05T14:47:54.852Z] message-hooks: searching 10 messages for OPENCODE_GENERIC
[2026-10-05T14:47:54.852Z] message-hooks: generic search complete, found=false, index=-1
[2026-10-05T14:47:54.852Z] message-hooks: no generic part found, checking for pending prompt return
[2026-10-05T14:48:02.618Z] message-hooks: ENTRY msgCount=11, sessions=ses_ef37d6bd6ffeqr2pRzZKjKUtO2
[2026-10-05T14:48:02.618Z] message-hooks: MESSAGES: [0]user: text:"В этом репозитории находится конфигураци..." | [1]assistant: step-start, reasoning, text:"Проверю существующие ignore-файлы и стру...", tool:completed, tool:completed, step-finish, patch | [2]assistant: step-start, reasoning, text:"`.gitignore` отсутствует, поэтому добавл...", tool:completed, step-finish, patch | [3]assistant: step-start, text:"Добавлен `.gitignore` с исключением корн...", step-finish, patch | [4]user: text:"Отлично, теперь распиши небольшой README..." | [5]assistant: step-start, reasoning, text:"Изучу `Makefile`, `k3d.yaml` и манифесты...", tool:completed, tool:completed, tool:completed, tool:completed, tool:completed, tool:completed, tool:completed, step-finish, patch | [6]assistant: step-start, reasoning, reasoning, text:"Конфигурация поднимает k3d-кластер `dev`...", tool:completed, step-finish, patch | [7]assistant: step-start, reasoning, tool:completed, tool:completed, step-finish, patch | [8]assistant: step-start, reasoning, text:"Создан `README.md` с описанием:

- требо...", step-finish, patch | [9]user: text:"Обнови проект так, чтобы локальное окруж..." | [10]assistant: step-start, reasoning, text:"Проверю текущие команды и наличие исполь...", tool:completed, step-finish, patch
[2026-10-05T14:48:02.618Z] message-hooks: post-filter, msgCount=11
[2026-10-05T14:48:02.618Z] message-hooks: about to search for OPENCODE_GENERIC
[2026-10-05T14:48:02.618Z] message-hooks: searching 11 messages for OPENCODE_GENERIC
[2026-10-05T14:48:02.618Z] message-hooks: generic search complete, found=false, index=-1
[2026-10-05T14:48:02.618Z] message-hooks: no generic part found, checking for pending prompt return
[2026-10-05T14:48:06.324Z] message-hooks: ENTRY msgCount=12, sessions=ses_ef37d6bd6ffeqr2pRzZKjKUtO2
[2026-10-05T14:48:06.324Z] message-hooks: MESSAGES: [0]user: text:"В этом репозитории находится конфигураци..." | [1]assistant: step-start, reasoning, text:"Проверю существующие ignore-файлы и стру...", tool:completed, tool:completed, step-finish, patch | [2]assistant: step-start, reasoning, text:"`.gitignore` отсутствует, поэтому добавл...", tool:completed, step-finish, patch | [3]assistant: step-start, text:"Добавлен `.gitignore` с исключением корн...", step-finish, patch | [4]user: text:"Отлично, теперь распиши небольшой README..." | [5]assistant: step-start, reasoning, text:"Изучу `Makefile`, `k3d.yaml` и манифесты...", tool:completed, tool:completed, tool:completed, tool:completed, tool:completed, tool:completed, tool:completed, step-finish, patch | [6]assistant: step-start, reasoning, reasoning, text:"Конфигурация поднимает k3d-кластер `dev`...", tool:completed, step-finish, patch | [7]assistant: step-start, reasoning, tool:completed, tool:completed, step-finish, patch | [8]assistant: step-start, reasoning, text:"Создан `README.md` с описанием:

- требо...", step-finish, patch | [9]user: text:"Обнови проект так, чтобы локальное окруж..." | [10]assistant: step-start, reasoning, text:"Проверю текущие команды и наличие исполь...", tool:completed, step-finish, patch | [11]assistant: step-start, tool:completed, tool:completed, tool:completed, tool:completed, step-finish, patch
[2026-10-05T14:48:06.324Z] message-hooks: post-filter, msgCount=12
[2026-10-05T14:48:06.324Z] message-hooks: about to search for OPENCODE_GENERIC
[2026-10-05T14:48:06.324Z] message-hooks: searching 12 messages for OPENCODE_GENERIC
[2026-10-05T14:48:06.324Z] message-hooks: generic search complete, found=false, index=-1
[2026-10-05T14:48:06.324Z] message-hooks: no generic part found, checking for pending prompt return
[2026-10-05T14:48:18.391Z] message-hooks: ENTRY msgCount=13, sessions=ses_ef37d6bd6ffeqr2pRzZKjKUtO2
[2026-10-05T14:48:18.391Z] message-hooks: MESSAGES: [0]user: text:"В этом репозитории находится конфигураци..." | [1]assistant: step-start, reasoning, text:"Проверю существующие ignore-файлы и стру...", tool:completed, tool:completed, step-finish, patch | [2]assistant: step-start, reasoning, text:"`.gitignore` отсутствует, поэтому добавл...", tool:completed, step-finish, patch | [3]assistant: step-start, text:"Добавлен `.gitignore` с исключением корн...", step-finish, patch | [4]user: text:"Отлично, теперь распиши небольшой README..." | [5]assistant: step-start, reasoning, text:"Изучу `Makefile`, `k3d.yaml` и манифесты...", tool:completed, tool:completed, tool:completed, tool:completed, tool:completed, tool:completed, tool:completed, step-finish, patch | [6]assistant: step-start, reasoning, reasoning, text:"Конфигурация поднимает k3d-кластер `dev`...", tool:completed, step-finish, patch | [7]assistant: step-start, reasoning, tool:completed, tool:completed, step-finish, patch | [8]assistant: step-start, reasoning, text:"Создан `README.md` с описанием:

- требо...", step-finish, patch | [9]user: text:"Обнови проект так, чтобы локальное окруж..." | [10]assistant: step-start, reasoning, text:"Проверю текущие команды и наличие исполь...", tool:completed, step-finish, patch | [11]assistant: step-start, tool:completed, tool:completed, tool:completed, tool:completed, step-finish, patch | [12]assistant: step-start, reasoning, reasoning, reasoning, reasoning, reasoning, reasoning, reasoning, text:"`nats` CLI в проекте не используется: он...", tool:completed, step-finish, patch
[2026-10-05T14:48:18.391Z] message-hooks: post-filter, msgCount=13
[2026-10-05T14:48:18.391Z] message-hooks: about to search for OPENCODE_GENERIC
[2026-10-05T14:48:18.391Z] message-hooks: searching 13 messages for OPENCODE_GENERIC
[2026-10-05T14:48:18.391Z] message-hooks: generic search complete, found=false, index=-1
[2026-10-05T14:48:18.391Z] message-hooks: no generic part found, checking for pending prompt return
[2026-10-05T14:48:27.665Z] message-hooks: ENTRY msgCount=14, sessions=ses_ef37d6bd6ffeqr2pRzZKjKUtO2
[2026-10-05T14:48:27.665Z] message-hooks: MESSAGES: [0]user: text:"В этом репозитории находится конфигураци..." | [1]assistant: step-start, reasoning, text:"Проверю существующие ignore-файлы и стру...", tool:completed, tool:completed, step-finish, patch | [2]assistant: step-start, reasoning, text:"`.gitignore` отсутствует, поэтому добавл...", tool:completed, step-finish, patch | [3]assistant: step-start, text:"Добавлен `.gitignore` с исключением корн...", step-finish, patch | [4]user: text:"Отлично, теперь распиши небольшой README..." | [5]assistant: step-start, reasoning, text:"Изучу `Makefile`, `k3d.yaml` и манифесты...", tool:completed, tool:completed, tool:completed, tool:completed, tool:completed, tool:completed, tool:completed, step-finish, patch | [6]assistant: step-start, reasoning, reasoning, text:"Конфигурация поднимает k3d-кластер `dev`...", tool:completed, step-finish, patch | [7]assistant: step-start, reasoning, tool:completed, tool:completed, step-finish, patch | [8]assistant: step-start, reasoning, text:"Создан `README.md` с описанием:

- требо...", step-finish, patch | [9]user: text:"Обнови проект так, чтобы локальное окруж..." | [10]assistant: step-start, reasoning, text:"Проверю текущие команды и наличие исполь...", tool:completed, step-finish, patch | [11]assistant: step-start, tool:completed, tool:completed, tool:completed, tool:completed, step-finish, patch | [12]assistant: step-start, reasoning, reasoning, reasoning, reasoning, reasoning, reasoning, reasoning, text:"`nats` CLI в проекте не используется: он...", tool:completed, step-finish, patch | [13]assistant: step-start, tool:completed, step-finish, patch
[2026-10-05T14:48:27.665Z] message-hooks: post-filter, msgCount=14
[2026-10-05T14:48:27.665Z] message-hooks: about to search for OPENCODE_GENERIC
[2026-10-05T14:48:27.665Z] message-hooks: searching 14 messages for OPENCODE_GENERIC
[2026-10-05T14:48:27.666Z] message-hooks: generic search complete, found=false, index=-1
[2026-10-05T14:48:27.666Z] message-hooks: no generic part found, checking for pending prompt return
[2026-10-05T14:48:37.149Z] message-hooks: ENTRY msgCount=15, sessions=ses_ef37d6bd6ffeqr2pRzZKjKUtO2
[2026-10-05T14:48:37.149Z] message-hooks: MESSAGES: [0]user: text:"В этом репозитории находится конфигураци..." | [1]assistant: step-start, reasoning, text:"Проверю существующие ignore-файлы и стру...", tool:completed, tool:completed, step-finish, patch | [2]assistant: step-start, reasoning, text:"`.gitignore` отсутствует, поэтому добавл...", tool:completed, step-finish, patch | [3]assistant: step-start, text:"Добавлен `.gitignore` с исключением корн...", step-finish, patch | [4]user: text:"Отлично, теперь распиши небольшой README..." | [5]assistant: step-start, reasoning, text:"Изучу `Makefile`, `k3d.yaml` и манифесты...", tool:completed, tool:completed, tool:completed, tool:completed, tool:completed, tool:completed, tool:completed, step-finish, patch | [6]assistant: step-start, reasoning, reasoning, text:"Конфигурация поднимает k3d-кластер `dev`...", tool:completed, step-finish, patch | [7]assistant: step-start, reasoning, tool:completed, tool:completed, step-finish, patch | [8]assistant: step-start, reasoning, text:"Создан `README.md` с описанием:

- требо...", step-finish, patch | [9]user: text:"Обнови проект так, чтобы локальное окруж..." | [10]assistant: step-start, reasoning, text:"Проверю текущие команды и наличие исполь...", tool:completed, step-finish, patch | [11]assistant: step-start, tool:completed, tool:completed, tool:completed, tool:completed, step-finish, patch | [12]assistant: step-start, reasoning, reasoning, reasoning, reasoning, reasoning, reasoning, reasoning, text:"`nats` CLI в проекте не используется: он...", tool:completed, step-finish, patch | [13]assistant: step-start, tool:completed, step-finish, patch | [14]assistant: step-start, reasoning, reasoning, text:"Target `deps` добавлен. Сейчас проверяю,...", tool:completed, step-finish, patch
[2026-10-05T14:48:37.149Z] message-hooks: post-filter, msgCount=15
[2026-10-05T14:48:37.149Z] message-hooks: about to search for OPENCODE_GENERIC
[2026-10-05T14:48:37.149Z] message-hooks: searching 15 messages for OPENCODE_GENERIC
[2026-10-05T14:48:37.149Z] message-hooks: generic search complete, found=false, index=-1
[2026-10-05T14:48:37.149Z] message-hooks: no generic part found, checking for pending prompt return
[2026-10-05T14:48:40.990Z] message-hooks: ENTRY msgCount=16, sessions=ses_ef37d6bd6ffeqr2pRzZKjKUtO2
[2026-10-05T14:48:40.990Z] message-hooks: MESSAGES: [0]user: text:"В этом репозитории находится конфигураци..." | [1]assistant: step-start, reasoning, text:"Проверю существующие ignore-файлы и стру...", tool:completed, tool:completed, step-finish, patch | [2]assistant: step-start, reasoning, text:"`.gitignore` отсутствует, поэтому добавл...", tool:completed, step-finish, patch | [3]assistant: step-start, text:"Добавлен `.gitignore` с исключением корн...", step-finish, patch | [4]user: text:"Отлично, теперь распиши небольшой README..." | [5]assistant: step-start, reasoning, text:"Изучу `Makefile`, `k3d.yaml` и манифесты...", tool:completed, tool:completed, tool:completed, tool:completed, tool:completed, tool:completed, tool:completed, step-finish, patch | [6]assistant: step-start, reasoning, reasoning, text:"Конфигурация поднимает k3d-кластер `dev`...", tool:completed, step-finish, patch | [7]assistant: step-start, reasoning, tool:completed, tool:completed, step-finish, patch | [8]assistant: step-start, reasoning, text:"Создан `README.md` с описанием:

- требо...", step-finish, patch | [9]user: text:"Обнови проект так, чтобы локальное окруж..." | [10]assistant: step-start, reasoning, text:"Проверю текущие команды и наличие исполь...", tool:completed, step-finish, patch | [11]assistant: step-start, tool:completed, tool:completed, tool:completed, tool:completed, step-finish, patch | [12]assistant: step-start, reasoning, reasoning, reasoning, reasoning, reasoning, reasoning, reasoning, text:"`nats` CLI в проекте не используется: он...", tool:completed, step-finish, patch | [13]assistant: step-start, tool:completed, step-finish, patch | [14]assistant: step-start, reasoning, reasoning, text:"Target `deps` добавлен. Сейчас проверяю,...", tool:completed, step-finish, patch | [15]assistant: step-start, tool:completed, tool:completed, tool:completed, step-finish, patch
[2026-10-05T14:48:40.990Z] message-hooks: post-filter, msgCount=16
[2026-10-05T14:48:40.990Z] message-hooks: about to search for OPENCODE_GENERIC
[2026-10-05T14:48:40.990Z] message-hooks: searching 16 messages for OPENCODE_GENERIC
[2026-10-05T14:48:40.990Z] message-hooks: generic search complete, found=false, index=-1
[2026-10-05T14:48:40.990Z] message-hooks: no generic part found, checking for pending prompt return
[2026-10-05T14:48:46.007Z] message-hooks: ENTRY msgCount=17, sessions=ses_ef37d6bd6ffeqr2pRzZKjKUtO2
[2026-10-05T14:48:46.007Z] message-hooks: MESSAGES: [0]user: text:"В этом репозитории находится конфигураци..." | [1]assistant: step-start, reasoning, text:"Проверю существующие ignore-файлы и стру...", tool:completed, tool:completed, step-finish, patch | [2]assistant: step-start, reasoning, text:"`.gitignore` отсутствует, поэтому добавл...", tool:completed, step-finish, patch | [3]assistant: step-start, text:"Добавлен `.gitignore` с исключением корн...", step-finish, patch | [4]user: text:"Отлично, теперь распиши небольшой README..." | [5]assistant: step-start, reasoning, text:"Изучу `Makefile`, `k3d.yaml` и манифесты...", tool:completed, tool:completed, tool:completed, tool:completed, tool:completed, tool:completed, tool:completed, step-finish, patch | [6]assistant: step-start, reasoning, reasoning, text:"Конфигурация поднимает k3d-кластер `dev`...", tool:completed, step-finish, patch | [7]assistant: step-start, reasoning, tool:completed, tool:completed, step-finish, patch | [8]assistant: step-start, reasoning, text:"Создан `README.md` с описанием:

- требо...", step-finish, patch | [9]user: text:"Обнови проект так, чтобы локальное окруж..." | [10]assistant: step-start, reasoning, text:"Проверю текущие команды и наличие исполь...", tool:completed, step-finish, patch | [11]assistant: step-start, tool:completed, tool:completed, tool:completed, tool:completed, step-finish, patch | [12]assistant: step-start, reasoning, reasoning, reasoning, reasoning, reasoning, reasoning, reasoning, text:"`nats` CLI в проекте не используется: он...", tool:completed, step-finish, patch | [13]assistant: step-start, tool:completed, step-finish, patch | [14]assistant: step-start, reasoning, reasoning, text:"Target `deps` добавлен. Сейчас проверяю,...", tool:completed, step-finish, patch | [15]assistant: step-start, tool:completed, tool:completed, tool:completed, step-finish, patch | [16]assistant: step-start, reasoning, tool:completed, step-finish, patch
[2026-10-05T14:48:46.007Z] message-hooks: post-filter, msgCount=17
[2026-10-05T14:48:46.007Z] message-hooks: about to search for OPENCODE_GENERIC
[2026-10-05T14:48:46.007Z] message-hooks: searching 17 messages for OPENCODE_GENERIC
[2026-10-05T14:48:46.007Z] message-hooks: generic search complete, found=false, index=-1
[2026-10-05T14:48:46.007Z] message-hooks: no generic part found, checking for pending prompt return
[2026-10-05T14:48:51.420Z] session.idle: sessionID=ses_ef37d6bd6ffeqr2pRzZKjKUtO2
